
[
	
	{
		"location" : 
		{
			"filename" : "test/testcases/necla/ex10.c",
			"loc" : 
			{
				"col" : 4,
				"line" : 21
			}
		},
		"type" : "BUF-01"
	},
	
	{
		"location" : 
		{
			"filename" : "test/testcases/necla/ex10.c",
			"loc" : 
			{
				"col" : 3,
				"line" : 34
			}
		},
		"type" : "BUF-01"
	},
	
	{
		"location" : 
		{
			"filename" : "test/testcases/necla/ex10.c",
			"loc" : 
			{
				"col" : 3,
				"line" : 38
			}
		},
		"type" : "BUF-01"
	},
	
	{
		"location" : 
		{
			"filename" : "test/testcases/necla/ex10.c",
			"loc" : 
			{
				"col" : 13,
				"line" : 41
			}
		},
		"type" : "BUF-01"
	},
	
	{
		"location" : 
		{
			"filename" : "test/testcases/necla/ex10.c",
			"loc" : 
			{
				"col" : 10,
				"line" : 47
			}
		},
		"type" : "BUF-01"
	}
]
