
[
	
	{
		"location" : 
		{
			"filename" : "test/testcases/necla/ex15.c",
			"loc" : 
			{
				"col" : 4,
				"line" : 14
			}
		},
		"type" : "INI-03"
	},
	
	{
		"location" : 
		{
			"filename" : "test/testcases/necla/ex15.c",
			"loc" : 
			{
				"col" : 4,
				"line" : 15
			}
		},
		"type" : "INI-03"
	},
	
	{
		"location" : 
		{
			"filename" : "test/testcases/necla/ex15.c",
			"loc" : 
			{
				"col" : 4,
				"line" : 36
			}
		},
		"type" : "REQ-01"
	}
]
