[
	{
		"location" : 
		{
			"filename" : "test/testcases/necla/ex40.c",
			"loc" : 
			{
				"col" : 3,
				"line" : 16
			}
		},
		"type" : "BUF-01"
	},
	{
		"location" : 
		{
			"filename" : "test/testcases/necla/ex40.c",
			"loc" : 
			{
				"col" : 8,
				"line" : 19
			}
		},
		"type" : "BUF-01"
	}
]
