
[
	
	{
		"location" : 
		{
			"filename" : "test/testcases/necla/ex41.c",
			"loc" : 
			{
				"col" : 3,
				"line" : 15
			}
		},
		"type" : "BUF-01"
	},
	
	{
		"location" : 
		{
			"filename" : "test/testcases/necla/ex41.c",
			"loc" : 
			{
				"col" : 5,
				"line" : 16
			}
		},
		"type" : "BUF-01"
	},
	
	{
		"location" : 
		{
			"filename" : "test/testcases/necla/ex41.c",
			"loc" : 
			{
				"col" : 8,
				"line" : 22
			}
		},
		"type" : "BUF-01"
	}
]
