
[
	
	{
		"location" : 
		{
			"filename" : "test/testcases/necla/ex45.c",
			"loc" : 
			{
				"col" : 7,
				"line" : 14
			}
		},
		"type" : "BUF-01"
	},
	
	{
		"location" : 
		{
			"filename" : "test/testcases/necla/ex45.c",
			"loc" : 
			{
				"col" : 7,
				"line" : 21
			}
		},
		"type" : "BUF-01"
	},
	
	{
		"location" : 
		{
			"filename" : "test/testcases/necla/ex45.c",
			"loc" : 
			{
				"col" : 10,
				"line" : 24
			}
		},
		"type" : "BUF-01"
	}
]
