
[
	
	{
		"location" : 
		{
			"filename" : "test/testcases/necla/ex46.c",
			"loc" : 
			{
				"col" : 3,
				"line" : 26
			}
		},
		"type" : "INI-03"
	},
	
	{
		"location" : 
		{
			"filename" : "test/testcases/necla/ex46.c",
			"loc" : 
			{
				"col" : 3,
				"line" : 26
			}
		},
		"type" : "REQ-01"
	}
]
