
[
	
	{
		"location" : 
		{
			"filename" : "test/testcases/necla/inf2.c",
			"loc" : 
			{
				"col" : 3,
				"line" : 28
			}
		},
		"type" : "BUF-01"
	},
	
	{
		"location" : 
		{
			"filename" : "test/testcases/necla/inf2.c",
			"loc" : 
			{
				"col" : 5,
				"line" : 29
			}
		},
		"type" : "BUF-01"
	},
	
	{
		"location" : 
		{
			"filename" : "test/testcases/necla/inf2.c",
			"loc" : 
			{
				"col" : 7,
				"line" : 31
			}
		},
		"type" : "BUF-01"
	},
	
	{
		"location" : 
		{
			"filename" : "test/testcases/necla/inf2.c",
			"loc" : 
			{
				"col" : 7,
				"line" : 33
			}
		},
		"type" : "BUF-01"
	},
	
	{
		"location" : 
		{
			"filename" : "test/testcases/necla/inf2.c",
			"loc" : 
			{
				"col" : 7,
				"line" : 34
			}
		},
		"type" : "BUF-01"
	},
	
	{
		"location" : 
		{
			"filename" : "test/testcases/necla/inf2.c",
			"loc" : 
			{
				"col" : 7,
				"line" : 35
			}
		},
		"type" : "BUF-01"
	},
	
	{
		"location" : 
		{
			"filename" : "test/testcases/necla/inf2.c",
			"loc" : 
			{
				"col" : 7,
				"line" : 36
			}
		},
		"type" : "BUF-01"
	},
	
	{
		"location" : 
		{
			"filename" : "test/testcases/necla/inf2.c",
			"loc" : 
			{
				"col" : 3,
				"line" : 39
			}
		},
		"type" : "BUF-01"
	},
	
	{
		"location" : 
		{
			"filename" : "test/testcases/necla/inf2.c",
			"loc" : 
			{
				"col" : 7,
				"line" : 30
			}
		},
		"type" : "REQ-01"
	},
	
	{
		"location" : 
		{
			"filename" : "test/testcases/necla/inf2.c",
			"loc" : 
			{
				"col" : 7,
				"line" : 31
			}
		},
		"type" : "REQ-01"
	}
]
