
[
	
	{
		"location" : 
		{
			"filename" : "test/testcases/necla/inf7.c",
			"loc" : 
			{
				"col" : 2,
				"line" : 24
			}
		},
		"type" : "BUF-01"
	},
	
	{
		"location" : 
		{
			"filename" : "test/testcases/necla/inf7.c",
			"loc" : 
			{
				"col" : 3,
				"line" : 26
			}
		},
		"type" : "BUF-01"
	},
	
	{
		"location" : 
		{
			"filename" : "test/testcases/necla/inf7.c",
			"loc" : 
			{
				"col" : 3,
				"line" : 27
			}
		},
		"type" : "BUF-01"
	},
	
	{
		"location" : 
		{
			"filename" : "test/testcases/necla/inf7.c",
			"loc" : 
			{
				"col" : 3,
				"line" : 28
			}
		},
		"type" : "BUF-01"
	},
	
	{
		"location" : 
		{
			"filename" : "test/testcases/necla/inf7.c",
			"loc" : 
			{
				"col" : 3,
				"line" : 31
			}
		},
		"type" : "BUF-01"
	},
	
	{
		"location" : 
		{
			"filename" : "test/testcases/necla/inf7.c",
			"loc" : 
			{
				"col" : 3,
				"line" : 32
			}
		},
		"type" : "BUF-01"
	},
	
	{
		"location" : 
		{
			"filename" : "test/testcases/necla/inf7.c",
			"loc" : 
			{
				"col" : 3,
				"line" : 35
			}
		},
		"type" : "BUF-01"
	},
	
	{
		"location" : 
		{
			"filename" : "test/testcases/necla/inf7.c",
			"loc" : 
			{
				"col" : 21,
				"line" : 46
			}
		},
		"type" : "BUF-01"
	},
	
	{
		"location" : 
		{
			"filename" : "test/testcases/necla/inf7.c",
			"loc" : 
			{
				"col" : 3,
				"line" : 47
			}
		},
		"type" : "BUF-01"
	},
	
	{
		"location" : 
		{
			"filename" : "test/testcases/necla/inf7.c",
			"loc" : 
			{
				"col" : 20,
				"line" : 50
			}
		},
		"type" : "BUF-01"
	},
	
	{
		"location" : 
		{
			"filename" : "test/testcases/necla/inf7.c",
			"loc" : 
			{
				"col" : 3,
				"line" : 51
			}
		},
		"type" : "BUF-01"
	},
	
	{
		"location" : 
		{
			"filename" : "test/testcases/necla/inf7.c",
			"loc" : 
			{
				"col" : 3,
				"line" : 54
			}
		},
		"type" : "BUF-01"
	},
	
	{
		"location" : 
		{
			"filename" : "test/testcases/necla/inf7.c",
			"loc" : 
			{
				"col" : 2,
				"line" : 58
			}
		},
		"type" : "BUF-01"
	},
	
	{
		"location" : 
		{
			"filename" : "test/testcases/necla/inf7.c",
			"loc" : 
			{
				"col" : 3,
				"line" : 60
			}
		},
		"type" : "BUF-01"
	},
	
	{
		"location" : 
		{
			"filename" : "test/testcases/necla/inf7.c",
			"loc" : 
			{
				"col" : 27,
				"line" : 64
			}
		},
		"type" : "BUF-01"
	},
	
	{
		"location" : 
		{
			"filename" : "test/testcases/necla/inf7.c",
			"loc" : 
			{
				"col" : 8,
				"line" : 66
			}
		},
		"type" : "BUF-01"
	},
	
	{
		"location" : 
		{
			"filename" : "test/testcases/necla/inf7.c",
			"loc" : 
			{
				"col" : 3,
				"line" : 72
			}
		},
		"type" : "BUF-01"
	},
	
	{
		"location" : 
		{
			"filename" : "test/testcases/necla/inf7.c",
			"loc" : 
			{
				"col" : 5,
				"line" : 67
			}
		},
		"type" : "INI-03"
	},
	
	{
		"location" : 
		{
			"filename" : "test/testcases/necla/inf7.c",
			"loc" : 
			{
				"col" : 3,
				"line" : 26
			}
		},
		"type" : "REQ-01"
	},
	
	{
		"location" : 
		{
			"filename" : "test/testcases/necla/inf7.c",
			"loc" : 
			{
				"col" : 3,
				"line" : 27
			}
		},
		"type" : "REQ-01"
	},
	
	{
		"location" : 
		{
			"filename" : "test/testcases/necla/inf7.c",
			"loc" : 
			{
				"col" : 3,
				"line" : 28
			}
		},
		"type" : "REQ-01"
	},
	
	{
		"location" : 
		{
			"filename" : "test/testcases/necla/inf7.c",
			"loc" : 
			{
				"col" : 3,
				"line" : 32
			}
		},
		"type" : "REQ-01"
	},
	
	{
		"location" : 
		{
			"filename" : "test/testcases/necla/inf7.c",
			"loc" : 
			{
				"col" : 3,
				"line" : 35
			}
		},
		"type" : "REQ-01"
	},
	
	{
		"location" : 
		{
			"filename" : "test/testcases/necla/inf7.c",
			"loc" : 
			{
				"col" : 3,
				"line" : 72
			}
		},
		"type" : "REQ-01"
	}
]
