
[
	
	{
		"location" : 
		{
			"filename" : "test/testcases/aegis/ini03_05.c",
			"loc" : 
			{
				"col" : 16,
				"line" : 4
			}
		},
		"type" : "NDF-01"
	},
	
	{
		"location" : 
		{
			"filename" : "test/testcases/aegis/ini03_05.c",
			"loc" : 
			{
				"col" : 15,
				"line" : 5
			}
		},
		"type" : "NDF-01"
	},
	
	{
		"location" : 
		{
			"filename" : "test/testcases/aegis/ini03_05.c",
			"loc" : 
			{
				"col" : 5,
				"line" : 7
			}
		},
		"type" : "NDF-01"
	}
]
