[
    {
        "location": {
            "loc": {
                "col": 4,
                "line": 6
            },
            "filename": "test/testcases/aegis/ini01_09.c"
        },
        "type": "BUF-01"
    },
    {
        "location": {
            "loc": {
                "col": 4,
                "line": 6
            },
            "filename": "test/testcases/aegis/ini01_09.c"
        },
        "type": "INI-03"
    }
]