
[
	
	{
		"location" : 
		{
			"filename" : "test/testcases/misc/summary_01.c",
			"loc" : 
			{
				"col" : 19,
				"line" : 18
			}
		},
		"type" : "BUF-01"
	},
	
	{
		"location" : 
		{
			"filename" : "test/testcases/misc/summary_01.c",
			"loc" : 
			{
				"col" : 5,
				"line" : 22
			}
		},
		"type" : "BUF-01"
	}
]
