[
    {
        "location": {
            "loc": {
                "col": 5,
                "line": 69
            },
            "filename": "test/testcases/summary/inf7.c"
        },
        "type": "BUF-01"
    },
    {
        "location": {
            "loc": {
                "col": 3,
                "line": 28
            },
            "filename": "test/testcases/summary/inf7.c"
        },
        "type": "BUF-01"
    },
    {
        "location": {
            "loc": {
                "col": 3,
                "line": 36
            },
            "filename": "test/testcases/summary/inf7.c"
        },
        "type": "REQ-01"
    },
    {
        "location": {
            "loc": {
                "col": 3,
                "line": 33
            },
            "filename": "test/testcases/summary/inf7.c"
        },
        "type": "REQ-01"
    },
    {
        "location": {
            "loc": {
                "col": 3,
                "line": 28
            },
            "filename": "test/testcases/summary/inf7.c"
        },
        "type": "INI-03"
    },
    {
        "location": {
            "loc": {
                "col": 3,
                "line": 62
            },
            "filename": "test/testcases/summary/inf7.c"
        },
        "type": "BUF-01"
    },
    {
        "location": {
            "loc": {
                "col": 3,
                "line": 27
            },
            "filename": "test/testcases/summary/inf7.c"
        },
        "type": "REQ-01"
    },
    {
        "location": {
            "loc": {
                "col": 3,
                "line": 28
            },
            "filename": "test/testcases/summary/inf7.c"
        },
        "type": "REQ-01"
    },
    {
        "location": {
            "loc": {
                "col": 3,
                "line": 74
            },
            "filename": "test/testcases/summary/inf7.c"
        },
        "type": "REQ-01"
    },
    {
        "location": {
            "loc": {
                "col": 3,
                "line": 29
            },
            "filename": "test/testcases/summary/inf7.c"
        },
        "type": "REQ-01"
    }
]